// Jest Snapshot v1, https://goo.gl/fbAQLP

exports[`should render SignInBox correctly 1`] = `
<div
  className="content-container"
>
  <form
    className="signup-form"
    onSubmit={[Function]}
  >
    <h2>
      יצירת משתמש חדש
    </h2>
    <label>
      שם פרטי
      <input
        onChange={[Function]}
        required={true}
        type="text"
      />
    </label>
    <label>
      שם משפחה
      <input
        onChange={[Function]}
        required={true}
        type="text"
      />
    </label>
    <label>
      אימייל
      <input
        onChange={[Function]}
        required={true}
        type="text"
      />
    </label>
    <label>
      סיסמא
      <input
        onChange={[Function]}
        required={true}
        type="password"
      />
    </label>
    <label>
      אימות סיסמא
      <input
        onBlur={[Function]}
        onChange={[Function]}
        required={true}
        type="password"
      />
    </label>
    <lable>
      תמונות פרופיל
      <input
        onChange={[Function]}
        type="file"
      />
    </lable>
    <button
      className="signup__box"
    >
      צור חשבון
    </button>
  </form>
</div>
`;
