// Jest Snapshot v1, https://goo.gl/fbAQLP

exports[`should render Header correctly 1`] = `
<div
  className="header"
>
  <div
    className="content-container"
  >
    <div
      className="justify-container"
    >
      <h1
        className="header__title"
      >
        Sportify
      </h1>
      <input
        type="text"
      />
      <button
        onClick={[Function]}
      >
        התנתק
      </button>
    </div>
  </div>
</div>
`;
