// Jest Snapshot v1, https://goo.gl/fbAQLP

exports[`should render Header correctly 1`] = `
<div
  className="header"
>
  <div
    className="content-container"
  >
    <h1
      className="header__title"
    >
      Sportify
    </h1>
    <button
      onClick={[Function]}
    >
      Logout
    </button>
  </div>
</div>
`;
