// Jest Snapshot v1, https://goo.gl/fbAQLP

exports[`should render CheckDetail correctly 1`] = `
<div
  className="check_detail"
>
  <h2>
    האם הפרטים נכונים?
  </h2>
  <EditabelInput
    label="שם פרטי"
  />
  <EditabelInput
    label="שם משפחה"
  />
  <button
    className="confirm_detail"
  >
    אישור
  </button>
</div>
`;

exports[`should render LetMeKnowYouMore correctly 1`] = `
<div
  className="content-container"
>
  <div
    className="let_me_know_you_more"
  >
    <CSSTransitionGroup
      transitionAppear={false}
      transitionEnter={true}
      transitionEnterTimeout={500}
      transitionLeave={false}
      transitionName="exm"
    >
      <div>
        <CheckDetail
          onChangeFname={[Function]}
          onChangeLname={[Function]}
          onContinueButton={[Function]}
        />
      </div>
    </CSSTransitionGroup>
  </div>
</div>
`;

exports[`should render YourAge correctly 1`] = `
<div
  className="your_age"
>
  <h2>
    גילך
  </h2>
  <input
    max="99"
    min="16"
    placeholder="18"
    type="number"
  />
</div>
`;

exports[`should render YourGender correctly 1`] = `
<div
  className="your_gender"
>
  <h2>
    מינך
  </h2>
  <div
    className="your_gender___option"
  >
    <label>
      <input
        name="gender"
        type="radio"
        value="זכר"
      />
      <span
        className="radiomark"
      >
        <span
          className="radiomark_checked"
        />
      </span>
      <span
        className="your_gender___label"
      >
        זכר
      </span>
    </label>
    <label>
      <input
        name="gender"
        type="radio"
        value="נקבה"
      />
      <span
        className="radiomark"
      >
        <span
          className="radiomark_checked"
        />
      </span>
      <span
        className="your_gender___label"
      >
        נקבה
      </span>
    </label>
    <label>
      <input
        name="gender"
        type="radio"
        value="לא מעוניין למסור"
      />
      <span
        className="radiomark"
      >
        <span
          className="radiomark_checked"
        />
      </span>
      <span
        className="your_gender___label"
      >
        לא מעוניין למסור
      </span>
    </label>
  </div>
</div>
`;

exports[`should render YourHobbies correctly 1`] = `
<div
  className="your__hobbies"
>
  <h2>
    תאר/י את עיסוקי הספורט שלך
  </h2>
  <input
    onChange={[Function]}
    onKeyPress={[Function]}
    type="text"
    value={
      Array [
        "",
      ]
    }
  />
  <div
    className="curr_hobbie__list"
  >
    <div
      className="curr_hobbie"
    >
      כדוררשת
      <button
        onClick={[Function]}
      >
        x
      </button>
    </div>
    <div
      className="curr_hobbie"
    >
      כדורעף
      <button
        onClick={[Function]}
      >
        x
      </button>
    </div>
    <div
      className="curr_hobbie"
    >
      כדורסל
      <button
        onClick={[Function]}
      >
        x
      </button>
    </div>
    <div
      className="curr_hobbie"
    >
      כדורגל
      <button
        onClick={[Function]}
      >
        x
      </button>
    </div>
  </div>
  <div
    className="suggestion__list"
  />
</div>
`;
