// Jest Snapshot v1, https://goo.gl/fbAQLP

exports[`should render VerificationPage correctly 1`] = `
<div>
  <div
    className="content-container"
  >
    <div
      className="verification_box"
    >
      <h3>
        חשבון לא מאומת
      </h3>
      <p>
        חשבונך עדין לא אומת מול המערכת, במידה ולא קיבלת מייל אימות, באפשרותך לבצע שליחה חוזרת של המייל.
        <br />
        תהליך זה הכרחי על-מנת למטב את המערכת וליצור עבורך כלי איכותי לצרכייך.
        <br />
      </p>
      <button>
        שלח אימות במייל
      </button>
    </div>
  </div>
</div>
`;
